// Jest Snapshot v1, https://goo.gl/fbAQLP

exports[`DateBadge should pass snapshot test 1`] = `"<div class=\\"DateBadge css-1p72s2n-DateBadge\\"><div class=\\"css-1l7x69b-DateBadge\\">2019</div><div class=\\"css-1t6okqr-DateBadge\\">August</div><div>10th</div><div class=\\"css-7y2pl5-DateBadge\\">0:34 pm</div></div>"`;
